{
    "test_cases": {
        "1": [{"method": "pub","uri": "/components/comp_sel_2440","body": {"enum_256_1": [{"value":0,"string":"some_string"}]}}],
        "2": [{"method": "pub","uri": "/components/comp_sel_2440","body": {"enum_256_1": [{"value":1,"string":"another_string"}]}}],
        "3": [{"method": "pub","uri": "/components/comp_sel_2440","body": {"enum_256_1": [{"value":2,"string":"yet_another_string"}]}}],
        "4": [{"method": "pub","uri": "/components/comp_sel_2440","body": {"enum_256_1": [{"value":3,"string":"etc."}]}}],
        "5": [{"method": "pub","uri": "/components/comp_sel_2440","body": {"enum_256_1": [{"value":4,"string":"unknown"}]}}],
        "6": [{"method": "pub","uri": "/components/comp_sel_2440","body": {"enum_256_1": [{"value":65535,"string":"unknown"}]}}],
        "7": [{"method": "pub","uri": "/components/comp_sel_2440","body": {"enum_257_2": [{"value":0,"string":"some_string"}]}}],
        "8": [{"method": "pub","uri": "/components/comp_sel_2440","body": {"enum_257_2": [{"value":1,"string":"another_string"}]}}],
        "9": [{"method": "pub","uri": "/components/comp_sel_2440","body": {"enum_257_2": [{"value":2,"string":"unknown"}]}}],
        "10": [{"method": "pub","uri": "/components/comp_sel_2440","body": {"enum_257_2": [{"value":3,"string":"yet_another_string"}]}}],
        "11": [{"method": "pub","uri": "/components/comp_sel_2440","body": {"enum_257_2": [{"value":4,"string":"etc."}]}}],
        "12": [{"method": "pub","uri": "/components/comp_sel_2440","body": {"enum_257_2": [{"value":5,"string":"unknown"}]}}],
        "13": [{"method": "pub","uri": "/components/comp_sel_2440","body": {"enum_257_2": [{"value":6,"string":"unknown"}]}}],
        "14": [{"method": "pub","uri": "/components/comp_sel_2440","body": {"enum_257_2": [{"value":4294967295,"string":"unknown"}]}}],
        "15": [{"method": "pub","uri": "/components/comp_sel_2440","body": {"enum_259_4": [{"value":0,"string":"some_string"}]}}],
        "16": [{"method": "pub","uri": "/components/comp_sel_2440","body": {"enum_259_4": [{"value":1,"string":"another_string"}]}}],
        "17": [{"method": "pub","uri": "/components/comp_sel_2440","body": {"enum_259_4": [{"value":2,"string":"unknown"}]}}],
        "18": [{"method": "pub","uri": "/components/comp_sel_2440","body": {"enum_259_4": [{"value":3,"string":"yet_another_string"}]}}],
        "19": [{"method": "pub","uri": "/components/comp_sel_2440","body": {"enum_259_4": [{"value":4,"string":"etc."}]}}],
        "20": [{"method": "pub","uri": "/components/comp_sel_2440","body": {"enum_259_4": [{"value":5,"string":"unknown"}]}}],
        "21": [{"method": "pub","uri": "/components/comp_sel_2440","body": {"enum_259_4": [{"value":6,"string":"unknown"}]}}],
        "22": [{"method": "pub","uri": "/components/comp_sel_2440","body": {"enum_259_4": [{"value":4294967295,"string":"unknown"}]}}],
        "23": [{"method": "pub","uri": "/components/comp_sel_2440","body": {"some_string_1":true, "another_string_1":false, "yet_another_string_1":false, "etc._1":false }}],
        "24": [{"method": "pub","uri": "/components/comp_sel_2440","body": {"some_string_1":false, "another_string_1":true, "yet_another_string_1":false, "etc._1":false }}],
        "25": [{"method": "pub","uri": "/components/comp_sel_2440","body": {"some_string_1":true, "another_string_1":true, "yet_another_string_1":false, "etc._1":false }}],
        "26": [{"method": "pub","uri": "/components/comp_sel_2440","body": {"some_string_1":false, "another_string_1":false, "yet_another_string_1":false, "etc._1":false }}],
        "27": [{"method": "pub","uri": "/components/comp_sel_2440","body": {"some_string_1":true, "another_string_1":true, "yet_another_string_1":false, "etc._1":false }}],
        "28": [{"method": "pub","uri": "/components/comp_sel_2440","body": {"some_string_1":false, "another_string_1":false, "yet_another_string_1":true, "etc._1":false }}],
        "29": [{"method": "pub","uri": "/components/comp_sel_2440","body": {"some_string_1":true, "another_string_1":true, "yet_another_string_1":true, "etc._1":false }}],
        "30": [{"method": "pub","uri": "/components/comp_sel_2440","body": {"some_string_1":false, "another_string_1":false, "yet_another_string_1":false, "etc._1":true }}],
        "31": [{"method": "pub","uri": "/components/comp_sel_2440","body": {"some_string_1":true, "another_string_1":true, "yet_another_string_1":true, "etc._1":true }}],
        "32": [{"method": "pub","uri": "/components/comp_sel_2440","body": {"some_string_1":false, "another_string_1":false, "yet_another_string_1":false, "etc._1":false }}],
        "33": [{"method": "pub","uri": "/components/comp_sel_2440","body": {"some_string_1":false, "another_string_1":false, "yet_another_string_1":false, "etc._1":false }}],
        "34": [{"method": "pub","uri": "/components/comp_sel_2440","body": {"some_string_2":true, "another_string_2":false, "yet_another_string_2":false, "etc._2":false }}],
        "35": [{"method": "pub","uri": "/components/comp_sel_2440","body": {"some_string_2":false, "another_string_2":true, "yet_another_string_2":false, "etc._2":false }}],
        "36": [{"method": "pub","uri": "/components/comp_sel_2440","body": {"some_string_2":true, "another_string_2":true, "yet_another_string_2":false, "etc._2":false }}],
        "37": [{"method": "pub","uri": "/components/comp_sel_2440","body": {"some_string_2":false, "another_string_2":false, "yet_another_string_2":true, "etc._2":false }}],
        "38": [{"method": "pub","uri": "/components/comp_sel_2440","body": {"some_string_2":true, "another_string_2":true, "yet_another_string_2":true, "etc._2":false }}],
        "39": [{"method": "pub","uri": "/components/comp_sel_2440","body": {"some_string_2":false, "another_string_2":false, "yet_another_string_2":false, "etc._2":true }}],
        "40": [{"method": "pub","uri": "/components/comp_sel_2440","body": {"some_string_2":true, "another_string_2":true, "yet_another_string_2":true, "etc._2":true }}],
        "41": [{"method": "pub","uri": "/components/comp_sel_2440","body": {"some_string_2":false, "another_string_2":false, "yet_another_string_2":false, "etc._2":false }}],
        "42": [{"method": "pub","uri": "/components/comp_sel_2440","body": {"some_string_2":true, "another_string_2":true, "yet_another_string_2":true, "etc._2":true }}],
        "43": [{"method": "pub","uri": "/components/comp_sel_2440","body": {"some_string_2":false, "another_string_2":false, "yet_another_string_2":false, "etc._2":false }}],
        "44": [{"method": "pub","uri": "/components/comp_sel_2440","body": {"some_string_2":false, "another_string_2":false, "yet_another_string_2":false, "etc._2":false }}],
        "45": [{"method": "pub","uri": "/components/comp_sel_2440","body": {"some_string_4":true, "another_string_4":false, "yet_another_string_4":false, "etc._4":false }}],
        "46": [{"method": "pub","uri": "/components/comp_sel_2440","body": {"some_string_4":false, "another_string_4":true, "yet_another_string_4":false, "etc._4":false }}],
        "47": [{"method": "pub","uri": "/components/comp_sel_2440","body": {"some_string_4":true, "another_string_4":true, "yet_another_string_4":false, "etc._4":false }}],
        "48": [{"method": "pub","uri": "/components/comp_sel_2440","body": {"some_string_4":false, "another_string_4":false, "yet_another_string_4":true, "etc._4":false }}],
        "49": [{"method": "pub","uri": "/components/comp_sel_2440","body": {"some_string_4":true, "another_string_4":true, "yet_another_string_4":true, "etc._4":false }}],
        "50": [{"method": "pub","uri": "/components/comp_sel_2440","body": {"some_string_4":false, "another_string_4":false, "yet_another_string_4":false, "etc._4":true }}],
        "51": [{"method": "pub","uri": "/components/comp_sel_2440","body": {"some_string_4":true, "another_string_4":true, "yet_another_string_4":true, "etc._4":true }}],
        "52": [{"method": "pub","uri": "/components/comp_sel_2440","body": {"some_string_4":false, "another_string_4":false, "yet_another_string_4":false, "etc._4":false }}],
        "53": [{"method": "pub","uri": "/components/comp_sel_2440","body": {"some_string_4":true, "another_string_4":true, "yet_another_string_4":true, "etc._4":true }}],
        "54": [{"method": "pub","uri": "/components/comp_sel_2440","body": {"some_string_4":false, "another_string_4":false, "yet_another_string_4":false, "etc._4":false }}],
        "55": [{"method": "pub","uri": "/components/comp_sel_2440","body": {"some_string_4":false, "another_string_4":false, "yet_another_string_4":false, "etc._4":false }}],
        "56": [{"method": "pub","uri": "/components/comp_sel_2440","body": {"bf_2007_1":[{"value":0, "string":"some_string"}]}}],
        "57": [{"method": "pub","uri": "/components/comp_sel_2440","body": {"bf_2007_1":[{"value":1, "string":"another_string"}]}}],
        "58": [{"method": "pub","uri": "/components/comp_sel_2440","body": {"bf_2007_1":[{"value":0, "string":"some_string"},{"value":1, "string":"another_string"}]}}],
        "59": [{"method": "pub","uri": "/components/comp_sel_2440","body": {"bf_2007_1":[{"value":2, "string":"unknown"}]}}],
        "60": [{"method": "pub","uri": "/components/comp_sel_2440","body": {"bf_2007_1":[{"value":0, "string":"some_string"},{"value":1, "string":"another_string"}, {"value":2, "string":"unknown"}]}}],
        "61": [{"method": "pub","uri": "/components/comp_sel_2440","body": {"bf_2007_1":[{"value":3, "string":"yet_another_string"}]}}],
        "62": [{"method": "pub","uri": "/components/comp_sel_2440","body": {"bf_2007_1":[{"value":0, "string":"some_string"},{"value":1, "string":"another_string"}, {"value":2, "string":"unknown"}, {"value":3, "string":"yet_another_string"}]}}],
        "63": [{"method": "pub","uri": "/components/comp_sel_2440","body": {"bf_2007_1":[]}}],
        "64": [{"method": "pub","uri": "/components/comp_sel_2440","body": {"bf_2007_1":[{"value":0, "string":"some_string"},{"value":1, "string":"another_string"}, {"value":2, "string":"unknown"}, {"value":3, "string":"yet_another_string"}]}}],
        "65": [{"method": "pub","uri": "/components/comp_sel_2440","body": {"bf_2007_1":[{"value":5, "string":"etc."}]}}],
        "66": [{"method": "pub","uri": "/components/comp_sel_2440","body": {"bf_2007_1":[{"value":6, "string":"unknown"}]}}],
        "67": [{"method": "pub","uri": "/components/comp_sel_2440","body": {"bf_2008_2":[{"value":0, "string":"some_string"}]}}],
        "68": [{"method": "pub","uri": "/components/comp_sel_2440","body": {"bf_2008_2":[{"value":1, "string":"another_string"}]}}],
        "69": [{"method": "pub","uri": "/components/comp_sel_2440","body": {"bf_2008_2":[{"value":0, "string":"some_string"},{"value":1, "string":"another_string"}]}}],
        "70": [{"method": "pub","uri": "/components/comp_sel_2440","body": {"bf_2008_2":[{"value":2, "string":"unknown"}]}}],
        "71": [{"method": "pub","uri": "/components/comp_sel_2440","body": {"bf_2008_2":[{"value":0, "string":"some_string"},{"value":1, "string":"another_string"}, {"value":2, "string":"unknown"}]}}],
        "72": [{"method": "pub","uri": "/components/comp_sel_2440","body": {"bf_2008_2":[{"value":3, "string":"yet_another_string"}]}}],
        "73": [{"method": "pub","uri": "/components/comp_sel_2440","body": {"bf_2008_2":[{"value":0, "string":"some_string"},{"value":1, "string":"another_string"}, {"value":2, "string":"unknown"}, {"value":3, "string":"yet_another_string"}]}}],
        "74": [{"method": "pub","uri": "/components/comp_sel_2440","body": {"bf_2008_2":[{"value":4, "string":"etc."}]}}],
        "75": [{"method": "pub","uri": "/components/comp_sel_2440","body": {"bf_2008_2":[{"value":0, "string":"some_string"},{"value":1, "string":"another_string"}, {"value":2, "string":"unknown"}, {"value":3, "string":"yet_another_string"}, {"value":4, "string":"etc."}]}}],
        "76": [{"method": "pub","uri": "/components/comp_sel_2440","body": {"bf_2008_2":[{"value":5, "string":"unknown"}]}}],
        "77": [{"method": "pub","uri": "/components/comp_sel_2440","body": {"bf_2008_2":[{"value":6, "string":"unknown"}]}}],
        "78": [{"method": "pub","uri": "/components/comp_sel_2440","body": {"bf_2010_4":[{"value":0, "string":"some_string"}]}}],
        "79": [{"method": "pub","uri": "/components/comp_sel_2440","body": {"bf_2010_4":[{"value":1, "string":"another_string"}]}}],
        "80": [{"method": "pub","uri": "/components/comp_sel_2440","body": {"bf_2010_4":[{"value":0, "string":"some_string"},{"value":1, "string":"another_string"}]}}],
        "81": [{"method": "pub","uri": "/components/comp_sel_2440","body": {"bf_2010_4":[{"value":2, "string":"unknown"}]}}],
        "82": [{"method": "pub","uri": "/components/comp_sel_2440","body": {"bf_2010_4":[{"value":0, "string":"some_string"},{"value":1, "string":"another_string"}, {"value":2, "string":"unknown"}]}}],
        "83": [{"method": "pub","uri": "/components/comp_sel_2440","body": {"bf_2010_4":[{"value":3, "string":"yet_another_string"}]}}],
        "84": [{"method": "pub","uri": "/components/comp_sel_2440","body": {"bf_2010_4":[{"value":0, "string":"some_string"},{"value":1, "string":"another_string"}, {"value":2, "string":"unknown"}, {"value":3, "string":"yet_another_string"}]}}],
        "85": [{"method": "pub","uri": "/components/comp_sel_2440","body": {"bf_2010_4":[{"value":4, "string":"etc."}]}}],
        "86": [{"method": "pub","uri": "/components/comp_sel_2440","body": {"bf_2010_4":[{"value":0, "string":"some_string"},{"value":1, "string":"another_string"}, {"value":2, "string":"unknown"}, {"value":3, "string":"yet_another_string"}, {"value":4, "string":"etc."}]}}],
        "87": [{"method": "pub","uri": "/components/comp_sel_2440","body": {"bf_2010_4":[{"value":5, "string":"unknown"}]}}],
        "88": [{"method": "pub","uri": "/components/comp_sel_2440","body": {"bf_2010_4":[{"value":6, "string":"unknown"}]}}],
        "89": [{"method": "pub","uri": "/components/comp_sel_2440","body": {"pack_1_first":[{"value":1, "string":"Enum 1"}], "pack_1_second":[{"value":0, "string":"undefined"}]}}],
        "90": [{"method": "pub","uri": "/components/comp_sel_2440","body": {"pack_1_first":[{"value":2, "string":"Enum 2"}], "pack_1_second":[{"value":0, "string":"undefined"}]}}],
        "91": [{"method": "pub","uri": "/components/comp_sel_2440","body": {"pack_1_first":[{"value":3, "string":"Enum 3"}], "pack_1_second":[{"value":0, "string":"undefined"}]}}],
        "92": [{"method": "pub","uri": "/components/comp_sel_2440","body": {"pack_1_first":[{"value":4, "string":"Enum 4"}], "pack_1_second":[{"value":0, "string":"undefined"}]}}],
        "93": [{"method": "pub","uri": "/components/comp_sel_2440","body": {"pack_1_first":[{"value":5, "string":"Enum 5"}], "pack_1_second":[{"value":0, "string":"undefined"}]}}],
        "94": [{"method": "pub","uri": "/components/comp_sel_2440","body": {"pack_1_first":[{"value":6, "string":"Enum 6"}], "pack_1_second":[{"value":0, "string":"undefined"}]}}],
        "95": [{"method": "pub","uri": "/components/comp_sel_2440","body": {"pack_1_first":[{"value":7, "string":"Enum 7"}], "pack_1_second":[{"value":0, "string":"undefined"}]}}],
        "96": [{"method": "pub","uri": "/components/comp_sel_2440","body": {"pack_1_first":[{"value":8, "string":"Enum 8"}], "pack_1_second":[{"value":0, "string":"undefined"}]}}],
        "97": [{"method": "pub","uri": "/components/comp_sel_2440","body": {"pack_1_first":[{"value":9, "string":"Enum 9"}], "pack_1_second":[{"value":0, "string":"undefined"}]}}],
        "98": [{"method": "pub","uri": "/components/comp_sel_2440","body": {"pack_1_first":[{"value":10, "string":"Enum 10"}], "pack_1_second":[{"value":0, "string":"undefined"}]}}],
        "99": [{"method": "pub","uri": "/components/comp_sel_2440","body": {"pack_1_first":[{"value":11, "string":"Enum 11"}], "pack_1_second":[{"value":0, "string":"undefined"}]}}],
        "100": [{"method": "pub","uri": "/components/comp_sel_2440","body": {"pack_1_first":[{"value":12, "string":"Enum 12"}], "pack_1_second":[{"value":0, "string":"undefined"}]}}],
        "101": [{"method": "pub","uri": "/components/comp_sel_2440","body": {"pack_1_first":[{"value":13, "string":"Enum 13"}], "pack_1_second":[{"value":0, "string":"undefined"}]}}],
        "102": [{"method": "pub","uri": "/components/comp_sel_2440","body": {"pack_1_first":[{"value":14, "string":"Enum 14"}], "pack_1_second":[{"value":0, "string":"undefined"}]}}],
        "103": [{"method": "pub","uri": "/components/comp_sel_2440","body": {"pack_1_first":[{"value":15, "string":"Enum 15"}], "pack_1_second":[{"value":0, "string":"undefined"}]}}],
        "104": [{"method": "pub","uri": "/components/comp_sel_2440","body": {"pack_1_first":[{"value":0, "string":"undefined"}], "pack_1_second":[{"value":1, "string":"Enum 1"}]}}],
        "105": [{"method": "pub","uri": "/components/comp_sel_2440","body": {"pack_1_first":[{"value":1, "string":"Enum 1"}], "pack_1_second":[{"value":1, "string":"Enum 1"}]}}],
        "106": [{"method": "pub","uri": "/components/comp_sel_2440","body": {"pack_1_first":[{"value":2, "string":"Enum 2"}], "pack_1_second":[{"value":1, "string":"Enum 1"}]}}],
        "107": [{"method": "pub","uri": "/components/comp_sel_2440","body": {"pack_1_first":[{"value":0, "string":"undefined"}], "pack_1_second":[{"value":2, "string":"Enum 2"}]}}],
        "108": [{"method": "pub","uri": "/components/comp_sel_2440","body": {"pack_1_first":[{"value":0, "string":"undefined"}], "pack_1_second":[{"value":4, "string":"Enum 4"}]}}],
        "109": [{"method": "pub","uri": "/components/comp_sel_2440","body": {"pack_1_first":[{"value":0, "string":"undefined"}], "pack_1_second":[{"value":8, "string":"Enum 8"}]}}],
        "110": [{"method": "pub","uri": "/components/comp_sel_2440","body": {"pack_1_first":[{"value":0, "string":"undefined"}], "pack_1_second":[{"value":0, "string":"undefined"}]}}]

    }
}